Mplus VERSION 9.1 (Mac)
MUTHEN & MUTHEN
09/18/2026  10:10 AM

INPUT INSTRUCTIONS

  TITLE: REPAIR two-factor Gaussian measurement model;
  DATA: FILE = factors.dat;
  VARIABLE: NAMES = id y1-y6; USEVARIABLES = y1-y6; IDVARIABLE = id; MISSING = ALL(-999);
  ANALYSIS: ESTIMATOR = ML;
  MODEL:
   f1 BY y1@1 y2 y3;
   f2 BY y4@1 y5 y6;
   f1 WITH f2;
   y3 WITH y4;
  OUTPUT: TECH1 TECH4;
  SAVEDATA: FILE = factor_scores.dat; SAVE = FSCORES; FORMAT = F20.10;



INPUT READING TERMINATED NORMALLY



REPAIR two-factor Gaussian measurement model;

SUMMARY OF ANALYSIS

Number of groups                                                 1
Number of observations                                         500

Number of dependent variables                                    6
Number of independent variables                                  0
Number of continuous latent variables                            2

Observed dependent variables

  Continuous
   Y1          Y2          Y3          Y4          Y5          Y6

Continuous latent variables
   F1          F2

Variables with special functions

  ID variable           ID

Estimator                                                       ML
Information matrix                                        OBSERVED
Maximum number of iterations                                  1000
Convergence criterion                                    0.500D-04
Maximum number of steepest descent iterations                   20
Maximum number of iterations for H1                           2000
Convergence criterion for H1                             0.100D-03

Input data file(s)
  factors.dat

Input data format  FREE


SUMMARY OF DATA

     Number of missing data patterns             2


COVARIANCE COVERAGE OF DATA

Minimum covariance coverage value   0.100


     PROPORTION OF DATA PRESENT


           Covariance Coverage
              Y1            Y2            Y3            Y4            Y5
              ________      ________      ________      ________      ________
 Y1             1.000
 Y2             0.750         0.750
 Y3             1.000         0.750         1.000
 Y4             1.000         0.750         1.000         1.000
 Y5             1.000         0.750         1.000         1.000         1.000
 Y6             1.000         0.750         1.000         1.000         1.000


           Covariance Coverage
              Y6
              ________
 Y6             1.000



UNIVARIATE SAMPLE STATISTICS


     UNIVARIATE HIGHER-ORDER MOMENT DESCRIPTIVE STATISTICS

         Variable/         Mean/     Skewness/   Minimum/ % with                Percentiles
        Sample Size      Variance    Kurtosis    Maximum  Min/Max      20%/60%    40%/80%    Median

     Y1                    0.970      -0.031      -2.337    0.20%      -0.078      0.665      0.973
             500.000       1.483      -0.394       4.109    0.20%       1.257      2.051
     Y2                    1.592       0.090      -2.098    0.27%       0.602      1.307      1.552
             375.000       1.316       0.126       5.235    0.27%       1.896      2.512
     Y3                    0.521      -0.084      -3.916    0.20%      -0.555      0.225      0.580
             500.000       1.723      -0.035       4.267    0.20%       0.856      1.569
     Y4                    1.850       0.001      -2.544    0.20%       0.738      1.482      1.866
             500.000       1.868       0.348       6.460    0.20%       2.175      2.976
     Y5                    0.829      -0.183      -3.786    0.20%      -0.280      0.468      0.789
             500.000       2.069       0.161       5.174    0.20%       1.214      2.116
     Y6                    1.726      -0.128      -3.661    0.20%       0.506      1.382      1.733
             500.000       2.033      -0.044       5.803    0.20%       2.113      3.006


THE MODEL ESTIMATION TERMINATED NORMALLY



MODEL FIT INFORMATION

Number of Free Parameters                       20

Loglikelihood

          H0 Value                       -4572.436
          H1 Value                       -4567.712

Information Criteria

          Akaike (AIC)                    9184.872
          Bayesian (BIC)                  9269.164
          Sample-Size Adjusted BIC        9205.683
            (n* = (n + 2) / 24)

Chi-Square Test of Model Fit

          Value                              9.448
          Degrees of Freedom                     7
          P-Value                           0.2221

RMSEA (Root Mean Square Error Of Approximation)

          Estimate                           0.026
          90 Percent C.I.                    0.000  0.065
          Probability RMSEA <= .05           0.814

CFI/TLI

          CFI                                0.996
          TLI                                0.991

Chi-Square Test of Model Fit for the Baseline Model

          Value                            626.213
          Degrees of Freedom                    15
          P-Value                           0.0000

SRMR (Standardized Root Mean Square Residual)

          Value                              0.021



MODEL RESULTS

                                                    Two-Tailed
                    Estimate       S.E.  Est./S.E.    P-Value

 F1       BY
    Y1                 1.000      0.000    999.000    999.000
    Y2                 0.675      0.102      6.650      0.000
    Y3                 1.069      0.152      7.044      0.000

 F2       BY
    Y4                 1.000      0.000    999.000    999.000
    Y5                 0.967      0.083     11.650      0.000
    Y6                 1.079      0.091     11.804      0.000

 F1       WITH
    F2                 0.237      0.059      4.028      0.000

 Y3       WITH
    Y4                 0.313      0.059      5.304      0.000

 Intercepts
    Y1                 0.970      0.054     17.816      0.000
    Y2                 1.599      0.058     27.499      0.000
    Y3                 0.521      0.058      8.917      0.000
    Y4                 1.850      0.061     30.222      0.000
    Y5                 0.829      0.064     12.887      0.000
    Y6                 1.726      0.064     27.063      0.000

 Variances
    F1                 0.693      0.123      5.626      0.000
    F2                 0.988      0.125      7.906      0.000

 Residual Variances
    Y1                 0.790      0.107      7.413      0.000
    Y2                 1.003      0.086     11.603      0.000
    Y3                 0.913      0.122      7.499      0.000
    Y4                 0.886      0.091      9.721      0.000
    Y5                 1.145      0.098     11.637      0.000
    Y6                 0.884      0.100      8.835      0.000


QUALITY OF NUMERICAL RESULTS

     Condition Number for the Information Matrix              0.255E-01
       (ratio of smallest to largest eigenvalue)


TECHNICAL 1 OUTPUT


     PARAMETER SPECIFICATION


           NU
              Y1            Y2            Y3            Y4            Y5
              ________      ________      ________      ________      ________
                  1             2             3             4             5


           NU
              Y6
              ________
                  6


           LAMBDA
              F1            F2
              ________      ________
 Y1                 0             0
 Y2                 7             0
 Y3                 8             0
 Y4                 0             0
 Y5                 0             9
 Y6                 0            10


           THETA
              Y1            Y2            Y3            Y4            Y5
              ________      ________      ________      ________      ________
 Y1                11
 Y2                 0            12
 Y3                 0             0            13
 Y4                 0             0            14            15
 Y5                 0             0             0             0            16
 Y6                 0             0             0             0             0


           THETA
              Y6
              ________
 Y6                17


           ALPHA
              F1            F2
              ________      ________
                  0             0


           BETA
              F1            F2
              ________      ________
 F1                 0             0
 F2                 0             0


           PSI
              F1            F2
              ________      ________
 F1                18
 F2                19            20


     STARTING VALUES


           NU
              Y1            Y2            Y3            Y4            Y5
              ________      ________      ________      ________      ________
                0.970         1.592         0.521         1.850         0.829


           NU
              Y6
              ________
                1.726


           LAMBDA
              F1            F2
              ________      ________
 Y1             1.000         0.000
 Y2             0.685         0.000
 Y3             1.130         0.000
 Y4             0.000         1.000
 Y5             0.000         0.982
 Y6             0.000         1.103


           THETA
              Y1            Y2            Y3            Y4            Y5
              ________      ________      ________      ________      ________
 Y1             0.742
 Y2             0.000         0.658
 Y3             0.000         0.000         0.861
 Y4             0.000         0.000         0.000         0.934
 Y5             0.000         0.000         0.000         0.000         1.034
 Y6             0.000         0.000         0.000         0.000         0.000


           THETA
              Y6
              ________
 Y6             1.017


           ALPHA
              F1            F2
              ________      ________
                0.000         0.000


           BETA
              F1            F2
              ________      ________
 F1             0.000         0.000
 F2             0.000         0.000


           PSI
              F1            F2
              ________      ________
 F1             0.050
 F2             0.000         0.050


TECHNICAL 4 OUTPUT


     ESTIMATES DERIVED FROM THE MODEL


           ESTIMATED MEANS FOR THE LATENT VARIABLES
              F1            F2
              ________      ________
                0.000         0.000


           S.E. FOR ESTIMATED MEANS FOR THE LATENT VARIABLES
              F1            F2
              ________      ________
                0.000         0.000


           EST./S.E. FOR ESTIMATED MEANS FOR THE LATENT VARIABLES
              F1            F2
              ________      ________
                0.000         0.000


           TWO-TAILED P-VALUE FOR ESTIMATED MEANS FOR THE LATENT VARIABLES
              F1            F2
              ________      ________
                1.000         1.000


           ESTIMATED COVARIANCE MATRIX FOR THE LATENT VARIABLES
              F1            F2
              ________      ________
 F1             0.693
 F2             0.237         0.988


           S.E. FOR ESTIMATED COVARIANCE MATRIX FOR THE LATENT VARIABLES
              F1            F2
              ________      ________
 F1             0.123
 F2             0.059         0.125


           EST./S.E. FOR ESTIMATED COVARIANCE MATRIX FOR THE LATENT VARIABLES
              F1            F2
              ________      ________
 F1             5.626
 F2             4.028         7.906


           TWO-TAILED P-VALUE FOR ESTIMATED COVARIANCE MATRIX FOR THE LATENT VARIABLES
              F1            F2
              ________      ________
 F1             0.000
 F2             0.000         0.000


           ESTIMATED CORRELATION MATRIX FOR THE LATENT VARIABLES
              F1            F2
              ________      ________
 F1             1.000
 F2             0.287         1.000


           S.E. FOR ESTIMATED CORRELATION MATRIX FOR THE LATENT VARIABLES
              F1            F2
              ________      ________
 F1             0.000
 F2             0.059         0.000


           EST./S.E. FOR ESTIMATED CORRELATION MATRIX FOR THE LATENT VARIABLES
              F1            F2
              ________      ________
 F1           999.000
 F2             4.822       999.000


           TWO-TAILED P-VALUE FOR ESTIMATED CORRELATION MATRIX FOR THE LATENT VARIABLES
              F1            F2
              ________      ________
 F1             0.000
 F2             0.000         0.000


           ESTIMATED PARTIAL CORRELATION MATRIX FOR THE LATENT VARIABLES
              F1            F2
              ________      ________
 F1             1.000
 F2             0.287         1.000


SAMPLE STATISTICS FOR ESTIMATED FACTOR SCORES


     SAMPLE STATISTICS


           Means
              F1            F1_SE         F2            F2_SE
              ________      ________      ________      ________
                0.000         0.475         0.000         0.479


           Covariances
              F1            F1_SE         F2            F2_SE
              ________      ________      ________      ________
 F1             0.467
 F1_SE          0.000         0.000
 F2             0.195         0.000         0.759
 F2_SE          0.000         0.000         0.000         0.000


           Correlations
              F1            F1_SE         F2            F2_SE
              ________      ________      ________      ________
 F1             1.000
 F1_SE          0.028         1.000
 F2             0.327         0.010         1.000
 F2_SE          0.028         1.000         0.010         1.000


SAVEDATA INFORMATION


  Save file
    factor_scores.dat

  Order and format of variables

    Y1             F20.10
    Y2             F20.10
    Y3             F20.10
    Y4             F20.10
    Y5             F20.10
    Y6             F20.10
    F1             F20.10
    F1_SE          F20.10
    F2             F20.10
    F2_SE          F20.10
    ID             I4

  Save file format
    10F20.10 I4

  Save file record length    10000

  Save missing symbol        *


     Beginning Time:  10:10:00
        Ending Time:  10:10:00
       Elapsed Time:  00:00:00



MUTHEN & MUTHEN
3463 Stoner Ave.
Los Angeles, CA  90066

Tel: (310) 391-9971
Fax: (310) 391-8971
Web: www.StatModel.com
Support: Support@StatModel.com

Copyright (c) 1998-2026 Muthen & Muthen
